19:28:10 **** Incremental Build of configuration Debug for project dma_app ****
make all 
make --no-print-directory pre-build
a9-linaro-pre-build-step
' '
make --no-print-directory main-build
'Building file: ../src/helloworld.c'
'Invoking: ARM v7 gcc compiler'
arm-none-eabi-gcc -Wall -O0 -g3 -c -fmessage-length=0 -MT"src/helloworld.o" -mcpu=cortex-a9 -mfpu=vfpv3 -mfloat-abi=hard -IC:/git_repos/mnist_neuralnet/fpga/5_17_dmayoutube/design_1_wrapper/export/design_1_wrapper/sw/design_1_wrapper/standalone_domain/bspinclude/include -MMD -MP -MF"src/helloworld.d" -MT"src/helloworld.o" -o "src/helloworld.o" "../src/helloworld.c"
../src/helloworld.c: In function 'main':
../src/helloworld.c:45:44: warning: passing argument 2 of 'XAxiDma_SimpleTransfer' makes integer from pointer without a cast [-Wint-conversion]
  status = XAxiDma_SimpleTransfer(&dma_ctl, data_dma_to_device, DMA_TRANSFER_SIZE*4, XAXIDMA_DMA_TO_DEVICE);
                                            ^~~~~~~~~~~~~~~~~~
In file included from ../src/helloworld.c:10:
C:/git_repos/mnist_neuralnet/fpga/5_17_dmayoutube/design_1_wrapper/export/design_1_wrapper/sw/design_1_wrapper/standalone_domain/bspinclude/include/xaxidma.h:749:58: note: expected 'UINTPTR' {aka 'unsigned int'} but argument is of type 'u32 *' {aka 'long unsigned int *'}
 u32 XAxiDma_SimpleTransfer(XAxiDma *InstancePtr, UINTPTR BuffAddr, u32 Length,
                                                  ~~~~~~~~^~~~~~~~
../src/helloworld.c:49:2: warning: implicit declaration of function 'usleep'; did you mean 'fseek'? [-Wimplicit-function-declaration]
  usleep(1);
  ^~~~~~
  fseek
../src/helloworld.c:55:44: warning: passing argument 2 of 'XAxiDma_SimpleTransfer' makes integer from pointer without a cast [-Wint-conversion]
  status = XAxiDma_SimpleTransfer(&dma_ctl, data_device_to_dma, DMA_TRANSFER_SIZE*4, XAXIDMA_DEVICE_TO_DMA);
                                            ^~~~~~~~~~~~~~~~~~
In file included from ../src/helloworld.c:10:
C:/git_repos/mnist_neuralnet/fpga/5_17_dmayoutube/design_1_wrapper/export/design_1_wrapper/sw/design_1_wrapper/standalone_domain/bspinclude/include/xaxidma.h:749:58: note: expected 'UINTPTR' {aka 'unsigned int'} but argument is of type 'u32 *' {aka 'long unsigned int *'}
 u32 XAxiDma_SimpleTransfer(XAxiDma *InstancePtr, UINTPTR BuffAddr, u32 Length,
                                                  ~~~~~~~~^~~~~~~~
'Finished building: ../src/helloworld.c'
' '
'Building target: dma_app.elf'
'Invoking: ARM v7 gcc linker'
arm-none-eabi-gcc -mcpu=cortex-a9 -mfpu=vfpv3 -mfloat-abi=hard -Wl,-build-id=none -specs=Xilinx.spec -Wl,-T -Wl,../src/lscript.ld -LC:/git_repos/mnist_neuralnet/fpga/5_17_dmayoutube/design_1_wrapper/export/design_1_wrapper/sw/design_1_wrapper/standalone_domain/bsplib/lib -o "dma_app.elf"  ./src/helloworld.o ./src/platform.o   -Wl,--start-group,-lxil,-lgcc,-lc,--end-group
'Finished building target: dma_app.elf'
' '
'Invoking: ARM v7 Print Size'
arm-none-eabi-size dma_app.elf  |tee "dma_app.elf.size"
   text	   data	    bss	    dec	    hex	filename
  41376	   2648	  25192	  69216	  10e60	dma_app.elf
'Finished building: dma_app.elf.size'
' '

19:28:11 Build Finished (took 1s.189ms)

