20:59:00 **** Incremental Build of configuration Debug for project DMA_test3_app ****
make all 
make --no-print-directory pre-build
a9-linaro-pre-build-step
' '
make --no-print-directory main-build
'Building file: ../src/helloworld.c'
'Invoking: ARM v7 gcc compiler'
arm-none-eabi-gcc -Wall -O0 -g3 -c -fmessage-length=0 -MT"src/helloworld.o" -mcpu=cortex-a9 -mfpu=vfpv3 -mfloat-abi=hard -IC:/git_repos/mnist_neuralnet/fpga/milestone2/projects/DMA_test3/DMA_test3/export/DMA_test3/sw/DMA_test3/standalone_domain/bspinclude/include -MMD -MP -MF"src/helloworld.d" -MT"src/helloworld.o" -o "src/helloworld.o" "../src/helloworld.c"
../src/helloworld.c: In function 'main':
../src/helloworld.c:92:46: warning: passing argument 2 of 'XAxiCdma_SimpleTransfer' makes integer from pointer without a cast [-Wint-conversion]
  status = XAxiCdma_SimpleTransfer(&cdma_ctl, data_cdma_to_device, BRAM_BASEADDRESS, CDMA_TRANSFER_SIZE*4, NULL, NULL);
                                              ^~~~~~~~~~~~~~~~~~~
In file included from ../src/helloworld.c:54:
C:/git_repos/mnist_neuralnet/fpga/milestone2/projects/DMA_test3/DMA_test3/export/DMA_test3/sw/DMA_test3/standalone_domain/bspinclude/include/xaxicdma.h:539:60: note: expected 'UINTPTR' {aka 'unsigned int'} but argument is of type 'u32 *' {aka 'long unsigned int *'}
 u32 XAxiCdma_SimpleTransfer(XAxiCdma *InstancePtr, UINTPTR SrcAddr, UINTPTR DstAddr,
                                                    ~~~~~~~~^~~~~~~
../src/helloworld.c:98:64: warning: passing argument 3 of 'XAxiCdma_SimpleTransfer' makes integer from pointer without a cast [-Wint-conversion]
  status = XAxiCdma_SimpleTransfer(&cdma_ctl, BRAM_BASEADDRESS, data_device_to_cdma, CDMA_TRANSFER_SIZE*4, NULL, NULL);
                                                                ^~~~~~~~~~~~~~~~~~~
In file included from ../src/helloworld.c:54:
C:/git_repos/mnist_neuralnet/fpga/milestone2/projects/DMA_test3/DMA_test3/export/DMA_test3/sw/DMA_test3/standalone_domain/bspinclude/include/xaxicdma.h:539:77: note: expected 'UINTPTR' {aka 'unsigned int'} but argument is of type 'u32 *' {aka 'long unsigned int *'}
 u32 XAxiCdma_SimpleTransfer(XAxiCdma *InstancePtr, UINTPTR SrcAddr, UINTPTR DstAddr,
                                                                     ~~~~~~~~^~~~~~~
../src/helloworld.c:69:11: warning: unused variable 'read_value' [-Wunused-variable]
  uint32_t read_value;
           ^~~~~~~~~~
'Finished building: ../src/helloworld.c'
' '
'Building target: DMA_test3_app.elf'
'Invoking: ARM v7 gcc linker'
arm-none-eabi-gcc -mcpu=cortex-a9 -mfpu=vfpv3 -mfloat-abi=hard -Wl,-build-id=none -specs=Xilinx.spec -Wl,-T -Wl,../src/lscript.ld -LC:/git_repos/mnist_neuralnet/fpga/milestone2/projects/DMA_test3/DMA_test3/export/DMA_test3/sw/DMA_test3/standalone_domain/bsplib/lib -o "DMA_test3_app.elf"  ./src/helloworld.o ./src/platform.o   -Wl,--start-group,-lxil,-lgcc,-lc,--end-group
'Finished building target: DMA_test3_app.elf'
' '
'Invoking: ARM v7 Print Size'
arm-none-eabi-size DMA_test3_app.elf  |tee "DMA_test3_app.elf.size"
   text	   data	    bss	    dec	    hex	filename
  38568	   1568	  23624	  63760	   f910	DMA_test3_app.elf
'Finished building: DMA_test3_app.elf.size'
' '

20:59:01 Build Finished (took 1s.126ms)

