Nothing to build in platform 'sd_card'

09:07:41 **** Incremental Build of configuration Debug for project sd_card_app ****
make all 
make --no-print-directory pre-build
a9-linaro-pre-build-step
' '
make --no-print-directory main-build
'Building file: ../src/sdTest.c'
'Invoking: ARM v7 gcc compiler'
arm-none-eabi-gcc -Wall -O0 -g3 -c -fmessage-length=0 -MT"src/sdTest.o" -mcpu=cortex-a9 -mfpu=vfpv3 -mfloat-abi=hard -IC:/git_repos/mnist_neuralnet/fpga/projects/SDcard_test/sd_card/export/sd_card/sw/sd_card/standalone_domain/bspinclude/include -MMD -MP -MF"src/sdTest.d" -MT"src/sdTest.o" -o "src/sdTest.o" "../src/sdTest.c"
../src/sdTest.c: In function 'doSDTEST':
../src/sdTest.c:151:22: warning: format '%d' expects argument of type 'int', but argument 2 has type 'u32' {aka 'long unsigned int'} [-Wformat=]
  printf("FileSize = %d\n\r", FileSize);
                     ~^       ~~~~~~~~
                     %ld
../src/sdTest.c:155:12: warning: format '%d' expects argument of type 'int', but argument 2 has type 'u32' {aka 'long unsigned int'} [-Wformat=]
   printf("%d - %d\n\r", BuffCnt, SourceAddress[BuffCnt]);
           ~^            ~~~~~~~
           %ld
../src/sdTest.c:155:17: warning: format '%d' expects argument of type 'int', but argument 3 has type 'u32' {aka 'long unsigned int'} [-Wformat=]
   printf("%d - %d\n\r", BuffCnt, SourceAddress[BuffCnt]);
                ~^                ~~~~~~~~~~~~~~~~~~~~~~
                %ld
../src/sdTest.c:81:7: warning: unused variable 'work' [-Wunused-variable]
  BYTE work[FF_MAX_SS];
       ^~~~
At top level:
../src/sdTest.c:209:12: warning: 'WriteFile' defined but not used [-Wunused-function]
 static int WriteFile(char *FileName, u32 size, u32 SourceAddress){
            ^~~~~~~~~
'Finished building: ../src/sdTest.c'
' '
'Building target: sd_card_app.elf'
'Invoking: ARM v7 gcc linker'
arm-none-eabi-gcc -mcpu=cortex-a9 -mfpu=vfpv3 -mfloat-abi=hard -Wl,-build-id=none -specs=Xilinx.spec -Wl,-T -Wl,../src/lscript.ld -LC:/git_repos/mnist_neuralnet/fpga/projects/SDcard_test/sd_card/export/sd_card/sw/sd_card/standalone_domain/bsplib/lib -o "sd_card_app.elf"  ./src/helloworld.o ./src/platform.o ./src/sdTest.o   -Wl,--start-group,-lxil,-lgcc,-lc,--end-group -Wl,--start-group,-lxilffs,-lxil,-lgcc,-lc,--end-group
'Finished building target: sd_card_app.elf'
' '
'Invoking: ARM v7 Print Size'
arm-none-eabi-size sd_card_app.elf  |tee "sd_card_app.elf.size"
   text	   data	    bss	    dec	    hex	filename
  87972	   2660	423387008	423477640	193dc188	sd_card_app.elf
'Finished building: sd_card_app.elf.size'
' '
09:07:43 **** Incremental Build of configuration Debug for project sd_card_app_system ****
make all 
Generating bif file for the system project
generate_system_bif.bat 52627 C:/git_repos/mnist_neuralnet/fpga/projects/SDcard_test/sd_card/export/sd_card/sd_card.xpfm standalone_domain C:/git_repos/mnist_neuralnet/fpga/projects/SDcard_test/sd_card_app_system/Debug/system.bif
sdcard_gen --xpfm C:/git_repos/mnist_neuralnet/fpga/projects/SDcard_test/sd_card/export/sd_card/sd_card.xpfm --sys_config sd_card --bif C:/git_repos/mnist_neuralnet/fpga/projects/SDcard_test/sd_card_app_system/Debug/system.bif --bitstream C:/git_repos/mnist_neuralnet/fpga/projects/SDcard_test/sd_card_app/_ide/bitstream/design_1_wrapper.bit --elf C:/git_repos/mnist_neuralnet/fpga/projects/SDcard_test/sd_card_app/Debug/sd_card_app.elf,ps7_cortexa9_0
creating BOOT.BIN using C:/git_repos/mnist_neuralnet/fpga/projects/SDcard_test/sd_card_app/_ide/bitstream/design_1_wrapper.bit
Error: platform file not found: C:/git_repos/mnist_neuralnet/fpga/projects/SDcard_test/sd_card/export/sd_card/sw/sd_card/boot/fsbl.elf
Running C:/Xilinx/Vitis/2019.2/bin/bootgen  -image C:/git_repos/mnist_neuralnet/fpga/projects/SDcard_test/sd_card_app_system/Debug/sd_card_temp/boot.bif -w -o i BOOT.BIN
[ERROR]  : Can't read file - C:/git_repos/mnist_neuralnet/fpga/projects/SDcard_test/sd_card/export/sd_card/sw/sd_card/boot/fsbl.elf
