07:58:49 **** Incremental Build of configuration Debug for project sd_card_app ****
make all 
make --no-print-directory pre-build
a9-linaro-pre-build-step
' '
make --no-print-directory main-build
'Building file: ../src/sdTest.c'
'Invoking: ARM v7 gcc compiler'
arm-none-eabi-gcc -Wall -O0 -g3 -c -fmessage-length=0 -MT"src/sdTest.o" -mcpu=cortex-a9 -mfpu=vfpv3 -mfloat-abi=hard -IC:/git_repos/mnist_neuralnet/fpga/projects/SDcard_test/sd_card/export/sd_card/sw/sd_card/standalone_domain/bspinclude/include -MMD -MP -MF"src/sdTest.d" -MT"src/sdTest.o" -o "src/sdTest.o" "../src/sdTest.c"
../src/sdTest.c: In function 'doSDTEST':
../src/sdTest.c:138:22: warning: format '%d' expects argument of type 'int', but argument 2 has type 'u32' {aka 'long unsigned int'} [-Wformat=]
  printf("FileSize = %d\n\r", FileSize);
                     ~^       ~~~~~~~~
                     %ld
../src/sdTest.c:141:37: warning: format '%d' expects argument of type 'int', but argument 2 has type 'double' [-Wformat=]
          printf("Samples verified: %d\r", (float)BuffCnt / (FileSize / 4));
                                    ~^     ~~~~~~~~~~~~~~~~~~~~~~~~~~~~~~~
                                    %f
../src/sdTest.c:68:7: warning: unused variable 'work' [-Wunused-variable]
  BYTE work[FF_MAX_SS];
       ^~~~
At top level:
../src/sdTest.c:198:12: warning: 'WriteFile' defined but not used [-Wunused-function]
 static int WriteFile(char *FileName, u32 size, u32 SourceAddress){
            ^~~~~~~~~
'Finished building: ../src/sdTest.c'
' '
'Building target: sd_card_app.elf'
'Invoking: ARM v7 gcc linker'
arm-none-eabi-gcc -mcpu=cortex-a9 -mfpu=vfpv3 -mfloat-abi=hard -Wl,-build-id=none -specs=Xilinx.spec -Wl,-T -Wl,../src/lscript.ld -LC:/git_repos/mnist_neuralnet/fpga/projects/SDcard_test/sd_card/export/sd_card/sw/sd_card/standalone_domain/bsplib/lib -o "sd_card_app.elf"  ./src/helloworld.o ./src/platform.o ./src/sdTest.o   -Wl,--start-group,-lxil,-lgcc,-lc,--end-group -Wl,--start-group,-lxilffs,-lxil,-lgcc,-lc,--end-group
'Finished building target: sd_card_app.elf'
' '
'Invoking: ARM v7 Print Size'
arm-none-eabi-size sd_card_app.elf  |tee "sd_card_app.elf.size"
   text	   data	    bss	    dec	    hex	filename
  87524	   2660	423387008	423477192	193dbfc8	sd_card_app.elf
'Finished building: sd_card_app.elf.size'
' '

07:58:50 Build Finished (took 1s.45ms)

