Nothing to build in platform 'plnn'

16:00:04 **** Incremental Build of configuration Debug for project plnn_app ****
make all 
make --no-print-directory pre-build
a9-linaro-pre-build-step
' '
make --no-print-directory main-build
'Building file: ../src/helloworld.c'
'Invoking: ARM v7 gcc compiler'
arm-none-eabi-gcc -Wall -O0 -g3 -c -fmessage-length=0 -MT"src/helloworld.o" -mcpu=cortex-a9 -mfpu=vfpv3 -mfloat-abi=hard -IC:/git_repos/mnist_neuralnet/fpga/projects/10_22/plnn/export/plnn/sw/plnn/standalone_domain/bspinclude/include -MMD -MP -MF"src/helloworld.d" -MT"src/helloworld.o" -o "src/helloworld.o" "../src/helloworld.c"
../src/helloworld.c: In function 'main':
../src/helloworld.c:183:29: warning: format '%X' expects argument of type 'unsigned int', but argument 2 has type 'uint32_t' {aka 'long unsigned int'} [-Wformat=]
   printf("Read value = 0x%08X\n", read_value);
                          ~~~^     ~~~~~~~~~~
                          %08lX
'Finished building: ../src/helloworld.c'
' '
'Building file: ../src/platform.c'
'Invoking: ARM v7 gcc compiler'
arm-none-eabi-gcc -Wall -O0 -g3 -c -fmessage-length=0 -MT"src/platform.o" -mcpu=cortex-a9 -mfpu=vfpv3 -mfloat-abi=hard -IC:/git_repos/mnist_neuralnet/fpga/projects/10_22/plnn/export/plnn/sw/plnn/standalone_domain/bspinclude/include -MMD -MP -MF"src/platform.d" -MT"src/platform.o" -o "src/platform.o" "../src/platform.c"
'Finished building: ../src/platform.c'
' '
'Building target: plnn_app.elf'
'Invoking: ARM v7 gcc linker'
arm-none-eabi-gcc -mcpu=cortex-a9 -mfpu=vfpv3 -mfloat-abi=hard -Wl,-build-id=none -specs=Xilinx.spec -Wl,-T -Wl,../src/lscript.ld -LC:/git_repos/mnist_neuralnet/fpga/projects/10_22/plnn/export/plnn/sw/plnn/standalone_domain/bsplib/lib -o "plnn_app.elf"  ./src/helloworld.o ./src/platform.o   -Wl,--start-group,-lxil,-lgcc,-lc,--end-group
'Finished building target: plnn_app.elf'
' '
'Invoking: ARM v7 Print Size'
arm-none-eabi-size plnn_app.elf  |tee "plnn_app.elf.size"
   text	   data	    bss	    dec	    hex	filename
  60028	  37592	  23360	 120980	  1d894	plnn_app.elf
'Finished building: plnn_app.elf.size'
' '
16:00:07 **** Incremental Build of configuration Debug for project plnn_app_system ****
make all 
Generating bif file for the system project
generate_system_bif.bat 52853 C:/git_repos/mnist_neuralnet/fpga/projects/10_22/plnn/export/plnn/plnn.xpfm standalone_domain C:/git_repos/mnist_neuralnet/fpga/projects/10_22/plnn_app_system/Debug/system.bif
sdcard_gen --xpfm C:/git_repos/mnist_neuralnet/fpga/projects/10_22/plnn/export/plnn/plnn.xpfm --sys_config plnn --bif C:/git_repos/mnist_neuralnet/fpga/projects/10_22/plnn_app_system/Debug/system.bif --bitstream C:/git_repos/mnist_neuralnet/fpga/projects/10_22/plnn_app/_ide/bitstream/PL_NN_wrapper.bit --elf C:/git_repos/mnist_neuralnet/fpga/projects/10_22/plnn_app/Debug/plnn_app.elf,ps7_cortexa9_0
creating BOOT.BIN using C:/git_repos/mnist_neuralnet/fpga/projects/10_22/plnn_app/_ide/bitstream/PL_NN_wrapper.bit
Running C:/Xilinx/Vitis/2019.2/bin/bootgen  -image C:/git_repos/mnist_neuralnet/fpga/projects/10_22/plnn_app_system/Debug/sd_card_temp/boot.bif -w -o i BOOT.BIN
