15:08:58 **** Build of configuration Debug for project delete ****
make all 
make --no-print-directory pre-build
a9-linaro-pre-build-step
' '
make --no-print-directory main-build
'Building file: ../src/delete.c'
'Invoking: ARM v7 gcc compiler'
arm-none-eabi-gcc -Wall -O0 -g3 -c -fmessage-length=0 -MT"src/delete.o" -mcpu=cortex-a9 -mfpu=vfpv3 -mfloat-abi=hard -IC:/git_repos/mnist_neuralnet/fpga/05_011_2024_write_to_ddr/design_1_wrapper/export/design_1_wrapper/sw/design_1_wrapper/standalone_domain/bspinclude/include -MMD -MP -MF"src/delete.d" -MT"src/delete.o" -o "src/delete.o" "../src/delete.c"
In file included from ../src/delete.c:8:
../src/test_images.h:27:15: warning: 'weight_2' defined but not used [-Wunused-variable]
 static double weight_2[10][18] = {
               ^~~~~~~~
In file included from ../src/delete.c:8:
../src/test_images.h:6:15: warning: 'bias_2' defined but not used [-Wunused-variable]
 static double bias_2[10] = {-0.14217160642147064,-0.06259177625179291,-0.050800859928131104,-0.20560166239738464,-0.09875832498073578,-0.12390799820423126,0.011121481657028198,0.23385493457317352,0.14305533468723297,0.11939801275730133};
               ^~~~~~
In file included from ../src/delete.c:8:
../src/test_images.h:5:15: warning: 'bias_0' defined but not used [-Wunused-variable]
 static double bias_0[18] = {0.011194322258234024,0.0015970803797245026,0.0016627982258796692,-0.0255124531686306,-0.013787176460027695,-0.010484963655471802,-0.016590438783168793,-0.013576971367001534,0.0041747018694877625,0.034300658851861954,-0.014761606231331825,-0.030927034094929695,0.009796999394893646,0.03201260790228844,-0.03512176498770714,0.03137221559882164,0.025793373584747314,0.01090238243341446};
               ^~~~~~
In file included from ../src/delete.c:8:
../src/test_images.h:2:15: warning: 'img' defined but not used [-Wunused-variable]
 static double img[784] = {0,0,0,0,0,0,0,0,0,0,0,0,0,0,0,0,0,0,0,0,0,0,0,0,0,0,0,0,0,0,0,0,0,0,0,0,0,0,0,0,0,0,0,0,0,0,0,0,0,0,0,0,0,0,0,0,0,0,0,0,0,0,0,0,0,0,0,0,0,0,0,0,0,0,0,0,0,0,0,0,0,0,0,0,0,0,0,0,0,0,0,0,0,0,0,0,0,0,0,0,0,0,0,0,0,0,0,0,0,0,0,0,0,0,0,0,0,0,0,0,0,0,0,0,0,0,0,0,0,0,0,0,0,0,0,0,0,0,0,0,0,0,0,0,0,0,0,0,0,0,0,0,0,0,0,0,0,0,0,0,0,0,0,0,0,0,0,0,0,0,0,0,0,0,0,0,0,0,0,0,0,0,0,0,0,0,0,0,0,0,0,0,0,0,0,0,0,0,0,0,0,0,84,185,159,151,60,36,0,0,0,0,0,0,0,0,0,0,0,0,0,0,0,0,0,0,0,0,0,0,222,254,254,254,254,241,198,198,198,198,198,198,198,198,170,52,0,0,0,0,0,0,0,0,0,0,0,0,67,114,72,114,163,227,254,225,254,254,254,250,229,254,254,140,0,0,0,0,0,0,0,0,0,0,0,0,0,0,0,0,0,17,66,14,67,67,67,59,21,236,254,106,0,0,0,0,0,0,0,0,0,0,0,0,0,0,0,0,0,0,0,0,0,0,0,0,83,253,209,18,0,0,0,0,0,0,0,0,0,0,0,0,0,0,0,0,0,0,0,0,0,0,0,22,233,255,83,0,0,0,0,0,0,0,0,0,0,0,0,0,0,0,0,0,0,0,0,0,0,0,0,129,254,238,44,0,0,0,0,0,0,0,0,0,0,0,0,0,0,0,0,0,0,0,0,0,0,0,59,249,254,62,0,0,0,0,0,0,0,0,0,0,0,0,0,0,0,0,0,0,0,0,0,0,0,0,133,254,187,5,0,0,0,0,0,0,0,0,0,0,0,0,0,0,0,0,0,0,0,0,0,0,0,9,205,248,58,0,0,0,0,0,0,0,0,0,0,0,0,0,0,0,0,0,0,0,0,0,0,0,0,126,254,182,0,0,0,0,0,0,0,0,0,0,0,0,0,0,0,0,0,0,0,0,0,0,0,0,75,251,240,57,0,0,0,0,0,0,0,0,0,0,0,0,0,0,0,0,0,0,0,0,0,0,0,19,221,254,166,0,0,0,0,0,0,0,0,0,0,0,0,0,0,0,0,0,0,0,0,0,0,0,3,203,254,219,35,0,0,0,0,0,0,0,0,0,0,0,0,0,0,0,0,0,0,0,0,0,0,0,38,254,254,77,0,0,0,0,0,0,0,0,0,0,0,0,0,0,0,0,0,0,0,0,0,0,0,31,224,254,115,1,0,0,0,0,0,0,0,0,0,0,0,0,0,0,0,0,0,0,0,0,0,0,0,133,254,254,52,0,0,0,0,0,0,0,0,0,0,0,0,0,0,0,0,0,0,0,0,0,0,0,61,242,254,254,52,0,0,0,0,0,0,0,0,0,0,0,0,0,0,0,0,0,0,0,0,0,0,0,121,254,254,219,40,0,0,0,0,0,0,0,0,0,0,0,0,0,0,0,0,0,0,0,0,0,0,0,121,254,207,18,0,0,0,0,0,0,0,0,0,0,0,0,0,0,0,0,0,0,0,0,0,0,0,0,0,0,0,0,0,0,0,0,0,0,0,0,0,0,0,0,0,0};
               ^~~
'Finished building: ../src/delete.c'
' '
'Building target: delete.elf'
'Invoking: ARM v7 gcc linker'
arm-none-eabi-gcc -mcpu=cortex-a9 -mfpu=vfpv3 -mfloat-abi=hard -Wl,-build-id=none -specs=Xilinx.spec -Wl,-T -Wl,../src/lscript.ld -LC:/git_repos/mnist_neuralnet/fpga/05_011_2024_write_to_ddr/design_1_wrapper/export/design_1_wrapper/sw/design_1_wrapper/standalone_domain/bsplib/lib -o "delete.elf"  ./src/delete.o   -Wl,--start-group,-lxil,-lgcc,-lc,--end-group
'Finished building target: delete.elf'
' '
'Invoking: ARM v7 Print Size'
arm-none-eabi-size delete.elf  |tee "delete.elf.size"
   text	   data	    bss	    dec	    hex	filename
  56508	 123416	  23328	 203252	  319f4	delete.elf
'Finished building: delete.elf.size'
' '

15:09:00 Build Finished (took 2s.6ms)

