15:35:28 **** Build of configuration Debug for project delete ****
make all 
make --no-print-directory pre-build
a9-linaro-pre-build-step
' '
make --no-print-directory main-build
'Building file: ../src/delete.c'
'Invoking: ARM v7 gcc compiler'
arm-none-eabi-gcc -Wall -O0 -g3 -c -fmessage-length=0 -MT"src/delete.o" -mcpu=cortex-a9 -mfpu=vfpv3 -mfloat-abi=hard -IC:/git_repos/mnist_neuralnet/fpga/05_011_2024_write_to_ddr/design_1_wrapper/export/design_1_wrapper/sw/design_1_wrapper/standalone_domain/bspinclude/include -MMD -MP -MF"src/delete.d" -MT"src/delete.o" -o "src/delete.o" "../src/delete.c"
'Finished building: ../src/delete.c'
' '
'Building target: delete.elf'
'Invoking: ARM v7 gcc linker'
arm-none-eabi-gcc -mcpu=cortex-a9 -mfpu=vfpv3 -mfloat-abi=hard -Wl,-build-id=none -specs=Xilinx.spec -Wl,-T -Wl,../src/lscript.ld -LC:/git_repos/mnist_neuralnet/fpga/05_011_2024_write_to_ddr/design_1_wrapper/export/design_1_wrapper/sw/design_1_wrapper/standalone_domain/bsplib/lib -o "delete.elf"  ./src/delete.o   -Wl,--start-group,-lxil,-lgcc,-lc,--end-group
'Finished building target: delete.elf'
' '
'Invoking: ARM v7 Print Size'
arm-none-eabi-size delete.elf  |tee "delete.elf.size"
   text	   data	    bss	    dec	    hex	filename
  57516	 123416	  23328	 204260	  31de4	delete.elf
'Finished building: delete.elf.size'
' '

15:35:30 Build Finished (took 1s.566ms)

