20:35:12 **** Incremental Build of configuration Debug for project cpu_test1 ****
make all 
make --no-print-directory pre-build
a9-linaro-pre-build-step
' '
make --no-print-directory main-build
'Building file: ../src/helloworld.c'
'Invoking: ARM v7 gcc compiler'
arm-none-eabi-gcc -Wall -O0 -g3 -c -fmessage-length=0 -MT"src/helloworld.o" -mcpu=cortex-a9 -mfpu=vfpv3 -mfloat-abi=hard -IC:/git_repos/mnist_neuralnet/fpga/8_20_PL_PS/cpu_test/export/cpu_test/sw/cpu_test/standalone_domain/bspinclude/include -MMD -MP -MF"src/helloworld.d" -MT"src/helloworld.o" -o "src/helloworld.o" "../src/helloworld.c"
In file included from ../src/helloworld.c:52:
../src/img.h:1:23: warning: 'img' initialized and declared 'extern'
 extern const uint32_t img[784] = {0b11110000000000000000000000000000,0b00000000000000000000000000000000,0b00000000000000000000000000000000,0b00000000000000000000000000000000,0b00000000000000000000000000000000,0b00000000000000000000000000000000,0b00000000000000000000000000000000,0b00000000000000000000000000000000,0b00000000000000000000000000000000,0b00000000000000000000000000000000,0b00000000000000000000000000000000,0b00000000000000000000000000000000,0b00000000000000000000000000000000,0b00000000000000000000000000000000,0b00000000000000000000000000000000,0b00000000000000000000000000000000,0b00000000000000000000000000000000,0b00000000000000000000000000000000,0b00000000000000000000000000000000,0b00000000000000000000000000000000,0b00000000000000000000000000000000,0b00000000000000000000000000000000,0b00000000000000000000000000000000,0b00000000000000000000000000000000,0b00000000000000000000000000000000,0b00000000000000000000000000000000,0b00000000000000000000000000000000,0b00000000000000000000000000000000,0b00000000000000000000000000000000,0b00000000000000000000000000000000,0b00000000000000000000000000000000,0b00000000000000000000000000000000,0b00000000000000000000000000000000,0b00000000000000000000000000000000,0b00000000000000000000000000000000,0b00000000000000000000000000000000,0b00000000000000000000000000000000,0b00000000000000000000000000000000,0b00000000000000000000000000000000,0b00000000000000000000000000000000,0b00000000000000000000000000000000,0b00000000000000000000000000000000,0b00000000000000000000000000000000,0b00000000000000000000000000000000,0b00000000000000000000000000000000,0b00000000000000000000000000000000,0b00000000000000000000000000000000,0b00000000000000000000000000000000,0b00000000000000000000000000000000,0b00000000000000000000000000000000,0b00000000000000000000000000000000,0b00000000000000000000000000000000,0b00000000000000000000000000000000,0b00000000000000000000000000000000,0b00000000000000000000000000000000,0b00000000000000000000000000000000,0b00000000000000000000000000000000,0b00000000000000000000000000000000,0b00000000000000000000000000000000,0b00000000000000000000000000000000,0b00000000000000000000000000000000,0b00000000000000000000000000000000,0b00000000000000000000000000000000,0b00000000000000000000000000000000,0b00000000000000000000000000000000,0b00000000000000000000000000000000,0b00000000000000000000000000000000,0b00000000000000000000000000000000,0b00000000000000000000000000000000,0b00000000000000000000000000000000,0b00000000000000000000000000000000,0b00000000000000000000000000000000,0b00000000000000000000000000000000,0b00000000000000000000000000000000,0b00000000000000000000000000000000,0b00000000000000000000000000000000,0b00000000000000000000000000000000,0b00000000000000000000000000000000,0b00000000000000000000000000000000,0b00000000000000000000000000000000,0b00000000000000000000000000000000,0b00000000000000000000000000000000,0b00000000000000000000000000000000,0b00000000000000000000000000000000,0b00000000000000000000000000000000,0b00000000000000000000000000000000,0b00000000000000000000000000000000,0b00000000000000000000000000000000,0b00000000000000000000000000000000,0b00000000000000000000000000000000,0b00000000000000000000000000000000,0b00000000000000000000000000000000,0b00000000000000000000000000000000,0b00000000000000000000000000000000,0b00000000000000000000000000000000,0b00000000000000000000000000000000,0b00000000000000000000000000000000,0b00000000000000000000000000000000,0b00000000000000000000000000000000,0b00000000000000000000000000000000,0b00000000000000000000000000000000,0b00000000000000000000000000000000,0b00000000000000000000000000000000,0b00000000000000000000000000000000,0b00000000000000000000000000000000,0b00000000000000000000000000000000,0b00000000000000000000000000000000,0b00000000000000000000000000000000,0b00000000000000000000000000000000,0b00000000000000000000000000000000,0b00000000000000000000000000000000,0b00000000000000000000000000000000,0b00000000000000000000000000000000,0b00000000000000000000000000000000,0b00000000000000000000000000000000,0b00000000000000000000000000000000,0b00000000000000000000000000000000,0b00000000000000000000000000000000,0b00000000000000000000000000000000,0b00000000000000000000000000000000,0b00000000000000000000000000000000,0b00000000000000000000000000000000,0b00000000000000000000000000000000,0b00000000000000000000000000000000,0b00000000000000000000000000000000,0b00000000000000000000000000000000,0b00000000000000000000000000000000,0b00000000000000000000000000000000,0b00000000000000000000000000000000,0b00000000000000000000000000000000,0b00000000000000000000000000000000,0b00000000000000000000000000000000,0b00000000000000000000000000000000,0b00000000000000000000000000000000,0b00000000000000000000000000000000,0b00000000000000000000000000000000,0b00000000000000000000000000000000,0b00000000000000000000000000000000,0b00000000000000000000000000000000,0b00000000000000000000000000000000,0b00000000000000000000000000000000,0b00000000000000000000000000000000,0b00000000000000000000000000000000,0b00000000000000000000000000000000,0b00000000000000000000000000000000,0b00000000000000000000000000000000,0b00000000000000000000000000000000,0b00000000000000000000000000000000,0b00000000000000000000000000000000,0b00000000000000000000000000000000,0b00000000000000000000000000000000,0b00000000000000000000000000000000,0b00000000000000000000000000000000,0b00000000000000000000000000000000,0b00000000000000000000000000000000,0b00000000000000000000000000000000,0b00000000000000000000000000000000,0b00000000000000000000000000000000,0b00000000000000000000000000000000,0b00000000000000000000000000000000,0b00000000000000000000000000000000,0b00000000000000000000000000000000,0b00000000000000000000000000000000,0b00000000000000000000000000000000,0b00000000000000000000000000000000,0b00000000000000000000000000000000,0b00000000000000000000000000000000,0b00000000000000000000000000000000,0b00000000000000000000000000000000,0b00000000000000000000000000000000,0b00000000000000000000000000000000,0b00000000000000000000000000000000,0b00000000000000000000000000000000,0b00000000000000000000000000000000,0b00000000000000000000000000000000,0b00000000000000000000000000000000,0b00000000000000000000000000000000,0b00000000000000000000000000000000,0b00000000000000000000000000000000,0b00000000000000000000000000000000,0b00000000000000000000000000000000,0b00000000000000000000000000000000,0b00000000000000000000000000000000,0b00000000000000000000000000000000,0b00000000000000000000000000000000,0b00000000000000000000000000000000,0b00000000000000000000000000000000,0b00000000000000000000000000000000,0b00000000000000000000000000000000,0b00000000000000000000000000000000,0b00000000000000000000000000000000,0b00000000000000000000000000000000,0b00000000000000000000000000000000,0b00000000000000000000000000000000,0b00000000000000000000000000000000,0b00000000000000000000000000000000,0b00000000000000000000000000000000,0b00000000000000000000000000000000,0b00000000000000000000000000000000,0b00000000000000000000000000000000,0b00000000000000000000000000000000,0b00000000000000000000000000000000,0b00000010101000101010001010100010,0b00000101110011011100110111001101,0b00000100111111001111110011111100,0b00000100101111001011110010111100,0b00000001111000011110000111100001,0b00000001001000010010000100100001,0b00000000000000000000000000000000,0b00000000000000000000000000000000,0b00000000000000000000000000000000,0b00000000000000000000000000000000,0b00000000000000000000000000000000,0b00000000000000000000000000000000,0b00000000000000000000000000000000,0b00000000000000000000000000000000,0b00000000000000000000000000000000,0b00000000000000000000000000000000,0b00000000000000000000000000000000,0b00000000000000000000000000000000,0b00000000000000000000000000000000,0b00000000000000000000000000000000,0b00000000000000000000000000000000,0b00000000000000000000000000000000,0b00000000000000000000000000000000,0b00000000000000000000000000000000,0b00000000000000000000000000000000,0b00000000000000000000000000000000,0b00000000000000000000000000000000,0b00000000000000000000000000000000,0b00000110111101101111011011110110,0b00000111111101111111011111110111,0b00000111111101111111011111110111,0b00000111111101111111011111110111,0b00000111111101111111011111110111,0b00000111100011111000111110001111,0b00000110001101100011011000110110,0b00000110001101100011011000110110,0b00000110001101100011011000110110,0b00000110001101100011011000110110,0b00000110001101100011011000110110,0b00000110001101100011011000110110,0b00000110001101100011011000110110,0b00000110001101100011011000110110,0b00000101010101010101010101010101,0b00000001101000011010000110100001,0b00000000000000000000000000000000,0b00000000000000000000000000000000,0b00000000000000000000000000000000,0b00000000000000000000000000000000,0b00000000000000000000000000000000,0b00000000000000000000000000000000,0b00000000000000000000000000000000,0b00000000000000000000000000000000,0b00000000000000000000000000000000,0b00000000000000000000000000000000,0b00000000000000000000000000000000,0b00000000000000000000000000000000,0b00000010000110100001101000011010,0b00000011100100111001001110010011,0b00000010010000100100001001000010,0b00000011100100111001001110010011,0b00000101000111010001110100011101,0b00000111000111110001111100011111,0b00000111111101111111011111110111,0b00000111000011110000111100001111,0b00000111111101111111011111110111,0b00000111111101111111011111110111,0b00000111111101111111011111110111,0b00000111110101111101011111010111,0b00000111001011110010111100101111,0b00000111111101111111011111110111,0b00000111111101111111011111110111,0b00000100011001000110010001100100,0b00000000000000000000000000000000,0b00000000000000000000000000000000,0b00000000000000000000000000000000,0b00000000000000000000000000000000,0b00000000000000000000000000000000,0b00000000000000000000000000000000,0b00000000000000000000000000000000,0b00000000000000000000000000000000,0b00000000000000000000000000000000,0b00000000000000000000000000000000,0b00000000000000000000000000000000,0b00000000000000000000000000000000,0b00000000000000000000000000000000,0b00000000000000000000000000000000,0b00000000000000000000000000000000,0b00000000000000000000000000000000,0b00000000000000000000000000000000,0b00000000100010001000100010001000,0b00000010000100100001001000010010,0b00000000011100000111000001110000,0b00000010000110100001101000011010,0b00000010000110100001101000011010,0b00000010000110100001101000011010,0b00000001110110011101100111011001,0b00000000101010001010100010101000,0b00000111011001110110011101100111,0b00000111111101111111011111110111,0b00000011010100110101001101010011,0b00000000000000000000000000000000,0b00000000000000000000000000000000,0b00000000000000000000000000000000,0b00000000000000000000000000000000,0b00000000000000000000000000000000,0b00000000000000000000000000000000,0b00000000000000000000000000000000,0b00000000000000000000000000000000,0b00000000000000000000000000000000,0b00000000000000000000000000000000,0b00000000000000000000000000000000,0b00000000000000000000000000000000,0b00000000000000000000000000000000,0b00000000000000000000000000000000,0b00000000000000000000000000000000,0b00000000000000000000000000000000,0b00000000000000000000000000000000,0b00000000000000000000000000000000,0b00000000000000000000000000000000,0b00000000000000000000000000000000,0b00000000000000000000000000000000,0b00000000000000000000000000000000,0b00000000000000000000000000000000,0b00000000000000000000000000000000,0b00000010100110101001101010011010,0b00000111111011111110111111101111,0b00000110100011101000111010001110,0b00000000100100001001000010010000,0b00000000000000000000000000000000,0b00000000000000000000000000000000,0b00000000000000000000000000000000,0b00000000000000000000000000000000,0b00000000000000000000000000000000,0b00000000000000000000000000000000,0b00000000000000000000000000000000,0b00000000000000000000000000000000,0b00000000000000000000000000000000,0b00000000000000000000000000000000,0b00000000000000000000000000000000,0b00000000000000000000000000000000,0b00000000000000000000000000000000,0b00000000000000000000000000000000,0b00000000000000000000000000000000,0b00000000000000000000000000000000,0b00000000000000000000000000000000,0b00000000000000000000000000000000,0b00000000000000000000000000000000,0b00000000000000000000000000000000,0b00000000000000000000000000000000,0b00000000000000000000000000000000,0b00000000000000000000000000000000,0b00000000101100001011000010110000,0b00000111010011110100111101001111,0b00001000000000000000000000000000,0b00000010100110101001101010011010,0b00000000000000000000000000000000,0b00000000000000000000000000000000,0b00000000000000000000000000000000,0b00000000000000000000000000000000,0b00000000000000000000000000000000,0b00000000000000000000000000000000,0b00000000000000000000000000000000,0b00000000000000000000000000000000,0b00000000000000000000000000000000,0b00000000000000000000000000000000,0b00000000000000000000000000000000,0b00000000000000000000000000000000,0b00000000000000000000000000000000,0b00000000000000000000000000000000,0b00000000000000000000000000000000,0b00000000000000000000000000000000,0b00000000000000000000000000000000,0b00000000000000000000000000000000,0b00000000000000000000000000000000,0b00000000000000000000000000000000,0b00000000000000000000000000000000,0b00000000000000000000000000000000,0b00000000000000000000000000000000,0b00000000000000000000000000000000,0b00000100000011000000110000001100,0b00000111111101111111011111110111,0b00000111011101110111011101110111,0b00000001011000010110000101100001,0b00000000000000000000000000000000,0b00000000000000000000000000000000,0b00000000000000000000000000000000,0b00000000000000000000000000000000,0b00000000000000000000000000000000,0b00000000000000000000000000000000,0b00000000000000000000000000000000,0b00000000000000000000000000000000,0b00000000000000000000000000000000,0b00000000000000000000000000000000,0b00000000000000000000000000000000,0b00000000000000000000000000000000,0b00000000000000000000000000000000,0b00000000000000000000000000000000,0b00000000000000000000000000000000,0b00000000000000000000000000000000,0b00000000000000000000000000000000,0b00000000000000000000000000000000,0b00000000000000000000000000000000,0b00000000000000000000000000000000,0b00000000000000000000000000000000,0b00000000000000000000000000000000,0b00000000000000000000000000000000,0b00000001110110011101100111011001,0b00000111110011111100111111001111,0b00000111111101111111011111110111,0b00000001111100011111000111110001,0b00000000000000000000000000000000,0b00000000000000000000000000000000,0b00000000000000000000000000000000,0b00000000000000000000000000000000,0b00000000000000000000000000000000,0b00000000000000000000000000000000,0b00000000000000000000000000000000,0b00000000000000000000000000000000,0b00000000000000000000000000000000,0b00000000000000000000000000000000,0b00000000000000000000000000000000,0b00000000000000000000000000000000,0b00000000000000000000000000000000,0b00000000000000000000000000000000,0b00000000000000000000000000000000,0b00000000000000000000000000000000,0b00000000000000000000000000000000,0b00000000000000000000000000000000,0b00000000000000000000000000000000,0b00000000000000000000000000000000,0b00000000000000000000000000000000,0b00000000000000000000000000000000,0b00000000000000000000000000000000,0b00000000000000000000000000000000,0b00000100001011000010110000101100,0b00000111111101111111011111110111,0b00000101110111011101110111011101,0b00000000001010000010100000101000,0b00000000000000000000000000000000,0b00000000000000000000000000000000,0b00000000000000000000000000000000,0b00000000000000000000000000000000,0b00000000000000000000000000000000,0b00000000000000000000000000000000,0b00000000000000000000000000000000,0b00000000000000000000000000000000,0b00000000000000000000000000000000,0b00000000000000000000000000000000,0b00000000000000000000000000000000,0b00000000000000000000000000000000,0b00000000000000000000000000000000,0b00000000000000000000000000000000,0b00000000000000000000000000000000,0b00000000000000000000000000000000,0b00000000000000000000000000000000,0b00000000000000000000000000000000,0b00000000000000000000000000000000,0b00000000000000000000000000000000,0b00000000000000000000000000000000,0b00000000000000000000000000000000,0b00000000000000000000000000000000,0b00000000010010000100100001001000,0b00000110011011100110111001101110,0b00000111110001111100011111000111,0b00000001110100011101000111010001,0b00000000000000000000000000000000,0b00000000000000000000000000000000,0b00000000000000000000000000000000,0b00000000000000000000000000000000,0b00000000000000000000000000000000,0b00000000000000000000000000000000,0b00000000000000000000000000000000,0b00000000000000000000000000000000,0b00000000000000000000000000000000,0b00000000000000000000000000000000,0b00000000000000000000000000000000,0b00000000000000000000000000000000,0b00000000000000000000000000000000,0b00000000000000000000000000000000,0b00000000000000000000000000000000,0b00000000000000000000000000000000,0b00000000000000000000000000000000,0b00000000000000000000000000000000,0b00000000000000000000000000000000,0b00000000000000000000000000000000,0b00000000000000000000000000000000,0b00000000000000000000000000000000,0b00000000000000000000000000000000,0b00000000000000000000000000000000,0b00000011111100111111001111110011,0b00000111111101111111011111110111,0b00000101101101011011010110110101,0b00000000000000000000000000000000,0b00000000000000000000000000000000,0b00000000000000000000000000000000,0b00000000000000000000000000000000,0b00000000000000000000000000000000,0b00000000000000000000000000000000,0b00000000000000000000000000000000,0b00000000000000000000000000000000,0b00000000000000000000000000000000,0b00000000000000000000000000000000,0b00000000000000000000000000000000,0b00000000000000000000000000000000,0b00000000000000000000000000000000,0b00000000000000000000000000000000,0b00000000000000000000000000000000,0b00000000000000000000000000000000,0b00000000000000000000000000000000,0b00000000000000000000000000000000,0b00000000000000000000000000000000,0b00000000000000000000000000000000,0b00000000000000000000000000000000,0b00000000000000000000000000000000,0b00000000000000000000000000000000,0b00000000000000000000000000000000,0b00000010010110100101101001011010,0b00000111110111111101111111011111,0b00000111100001111000011110000111,0b00000001110010011100100111001001,0b00000000000000000000000000000000,0b00000000000000000000000000000000,0b00000000000000000000000000000000,0b00000000000000000000000000000000,0b00000000000000000000000000000000,0b00000000000000000000000000000000,0b00000000000000000000000000000000,0b00000000000000000000000000000000,0b00000000000000000000000000000000,0b00000000000000000000000000000000,0b00000000000000000000000000000000,0b00000000000000000000000000000000,0b00000000000000000000000000000000,0b00000000000000000000000000000000,0b00000000000000000000000000000000,0b00000000000000000000000000000000,0b00000000000000000000000000000000,0b00000000000000000000000000000000,0b00000000000000000000000000000000,0b00000000000000000000000000000000,0b00000000000000000000000000000000,0b00000000000000000000000000000000,0b00000000000000000000000000000000,0b00000000100110001001100010011000,0b00000110111011101110111011101110,0b00000111111101111111011111110111,0b00000101001101010011010100110101,0b00000000000000000000000000000000,0b00000000000000000000000000000000,0b00000000000000000000000000000000,0b00000000000000000000000000000000,0b00000000000000000000000000000000,0b00000000000000000000000000000000,0b00000000000000000000000000000000,0b00000000000000000000000000000000,0b00000000000000000000000000000000,0b00000000000000000000000000000000,0b00000000000000000000000000000000,0b00000000000000000000000000000000,0b00000000000000000000000000000000,0b00000000000000000000000000000000,0b00000000000000000000000000000000,0b00000000000000000000000000000000,0b00000000000000000000000000000000,0b00000000000000000000000000000000,0b00000000000000000000000000000000,0b00000000000000000000000000000000,0b00000000000000000000000000000000,0b00000000000000000000000000000000,0b00000000000000000000000000000000,0b00000000000110000001100000011000,0b00000110010111100101111001011110,0b00000111111101111111011111110111,0b00000110110111101101111011011110,0b00000001000110010001100100011001,0b00000000000000000000000000000000,0b00000000000000000000000000000000,0b00000000000000000000000000000000,0b00000000000000000000000000000000,0b00000000000000000000000000000000,0b00000000000000000000000000000000,0b00000000000000000000000000000000,0b00000000000000000000000000000000,0b00000000000000000000000000000000,0b00000000000000000000000000000000,0b00000000000000000000000000000000,0b00000000000000000000000000000000,0b00000000000000000000000000000000,0b00000000000000000000000000000000,0b00000000000000000000000000000000,0b00000000000000000000000000000000,0b00000000000000000000000000000000,0b00000000000000000000000000000000,0b00000000000000000000000000000000,0b00000000000000000000000000000000,0b00000000000000000000000000000000,0b00000000000000000000000000000000,0b00000000000000000000000000000000,0b00000001001100010011000100110001,0b00000111111101111111011111110111,0b00000111111101111111011111110111,0b00000010011010100110101001101010,0b00000000000000000000000000000000,0b00000000000000000000000000000000,0b00000000000000000000000000000000,0b00000000000000000000000000000000,0b00000000000000000000000000000000,0b00000000000000000000000000000000,0b00000000000000000000000000000000,0b00000000000000000000000000000000,0b00000000000000000000000000000000,0b00000000000000000000000000000000,0b00000000000000000000000000000000,0b00000000000000000000000000000000,0b00000000000000000000000000000000,0b00000000000000000000000000000000,0b00000000000000000000000000000000,0b00000000000000000000000000000000,0b00000000000000000000000000000000,0b00000000000000000000000000000000,0b00000000000000000000000000000000,0b00000000000000000000000000000000,0b00000000000000000000000000000000,0b00000000000000000000000000000000,0b00000000000000000000000000000000,0b00000000111110001111100011111000,0b00000111000001110000011100000111,0b00000111111101111111011111110111,0b00000011100110111001101110011011,0b00000000000010000000100000001000,0b00000000000000000000000000000000,0b00000000000000000000000000000000,0b00000000000000000000000000000000,0b00000000000000000000000000000000,0b00000000000000000000000000000000,0b00000000000000000000000000000000,0b00000000000000000000000000000000,0b00000000000000000000000000000000,0b00000000000000000000000000000000,0b00000000000000000000000000000000,0b00000000000000000000000000000000,0b00000000000000000000000000000000,0b00000000000000000000000000000000,0b00000000000000000000000000000000,0b00000000000000000000000000000000,0b00000000000000000000000000000000,0b00000000000000000000000000000000,0b00000000000000000000000000000000,0b00000000000000000000000000000000,0b00000000000000000000000000000000,0b00000000000000000000000000000000,0b00000000000000000000000000000000,0b00000000000000000000000000000000,0b00000100001011000010110000101100,0b00000111111101111111011111110111,0b00000111111101111111011111110111,0b00000001101000011010000110100001,0b00000000000000000000000000000000,0b00000000000000000000000000000000,0b00000000000000000000000000000000,0b00000000000000000000000000000000,0b00000000000000000000000000000000,0b00000000000000000000000000000000,0b00000000000000000000000000000000,0b00000000000000000000000000000000,0b00000000000000000000000000000000,0b00000000000000000000000000000000,0b00000000000000000000000000000000,0b00000000000000000000000000000000,0b00000000000000000000000000000000,0b00000000000000000000000000000000,0b00000000000000000000000000000000,0b00000000000000000000000000000000,0b00000000000000000000000000000000,0b00000000000000000000000000000000,0b00000000000000000000000000000000,0b00000000000000000000000000000000,0b00000000000000000000000000000000,0b00000000000000000000000000000000,0b00000000000000000000000000000000,0b00000001111010011110100111101001,0b00000111100101111001011110010111,0b00000111111101111111011111110111,0b00000111111101111111011111110111,0b00000001101000011010000110100001,0b00000000000000000000000000000000,0b00000000000000000000000000000000,0b00000000000000000000000000000000,0b00000000000000000000000000000000,0b00000000000000000000000000000000,0b00000000000000000000000000000000,0b00000000000000000000000000000000,0b00000000000000000000000000000000,0b00000000000000000000000000000000,0b00000000000000000000000000000000,0b00000000000000000000000000000000,0b00000000000000000000000000000000,0b00000000000000000000000000000000,0b00000000000000000000000000000000,0b00000000000000000000000000000000,0b00000000000000000000000000000000,0b00000000000000000000000000000000,0b00000000000000000000000000000000,0b00000000000000000000000000000000,0b00000000000000000000000000000000,0b00000000000000000000000000000000,0b00000000000000000000000000000000,0b00000000000000000000000000000000,0b00000011110010111100101111001011,0b00000111111101111111011111110111,0b00000111111101111111011111110111,0b00000110110111101101111011011110,0b00000001010000010100000101000001,0b00000000000000000000000000000000,0b00000000000000000000000000000000,0b00000000000000000000000000000000,0b00000000000000000000000000000000,0b00000000000000000000000000000000,0b00000000000000000000000000000000,0b00000000000000000000000000000000,0b00000000000000000000000000000000,0b00000000000000000000000000000000,0b00000000000000000000000000000000,0b00000000000000000000000000000000,0b00000000000000000000000000000000,0b00000000000000000000000000000000,0b00000000000000000000000000000000,0b00000000000000000000000000000000,0b00000000000000000000000000000000,0b00000000000000000000000000000000,0b00000000000000000000000000000000,0b00000000000000000000000000000000,0b00000000000000000000000000000000,0b00000000000000000000000000000000,0b00000000000000000000000000000000,0b00000000000000000000000000000000,0b00000011110010111100101111001011,0b00000111111101111111011111110111,0b00000110011111100111111001111110,0b00000000100100001001000010010000,0b00000000000000000000000000000000,0b00000000000000000000000000000000,0b00000000000000000000000000000000,0b00000000000000000000000000000000,0b00000000000000000000000000000000,0b00000000000000000000000000000000,0b00000000000000000000000000000000,0b00000000000000000000000000000000,0b00000000000000000000000000000000,0b00000000000000000000000000000000,0b00000000000000000000000000000000,0b00000000000000000000000000000000,0b00000000000000000000000000000000,0b00000000000000000000000000000000,0b00000000000000000000000000000000,0b00000000000000000000000000000000,0b00000000000000000000000000000000,0b00000000000000000000000000000000,0b00000000000000000000000000000000,0b00000000000000000000000000000000,0b00000000000000000000000000000000,0b00000000000000000000000000000000,0b00000000000000000000000000000000,0b00000000000000000000000000000000,0b00000000000000000000000000000000,0b00000000000000000000000000000000,0b00000000000000000000000000000000,0b00000000000000000000000000000000,0b00000000000000000000000000000000,0b00000000000000000000000000000000,0b00000000000000000000000000000000,0b00000000000000000000000000000000,0b00000000000000000000000000000000,0b00000000000000000000000000000000,0b00000000000000000000000000000000,0b00000000000000000000000000000000,0b00000000000000000000000000000000,0b00000000000000000000000000000000,0b00000000000000000000000000000000,0b00000000000000000000000000000000,0b00000000000000000000000000000000,00000000000000000000000000000000};
                       ^~~
../src/helloworld.c: In function 'main':
../src/helloworld.c:71:34: warning: format '%X' expects argument of type 'unsigned int', but argument 2 has type 'uint32_t' {aka 'const long unsigned int'} [-Wformat=]
      printf("Written value: 0x%08X\n", img[i]);
                               ~~~^     ~~~~~~
                               %08lX
../src/helloworld.c:72:34: warning: format '%X' expects argument of type 'unsigned int', but argument 2 has type 'uint32_t' {aka 'long unsigned int'} [-Wformat=]
      printf("Read value:    0x%08X\n", read_value);
                               ~~~^     ~~~~~~~~~~
                               %08lX
'Finished building: ../src/helloworld.c'
' '
'Building target: cpu_test1.elf'
'Invoking: ARM v7 gcc linker'
arm-none-eabi-gcc -mcpu=cortex-a9 -mfpu=vfpv3 -mfloat-abi=hard -Wl,-build-id=none -specs=Xilinx.spec -Wl,-T -Wl,../src/lscript.ld -LC:/git_repos/mnist_neuralnet/fpga/8_20_PL_PS/cpu_test/export/cpu_test/sw/cpu_test/standalone_domain/bsplib/lib -o "cpu_test1.elf"  ./src/helloworld.o ./src/platform.o   -Wl,--start-group,-lxil,-lgcc,-lc,--end-group
'Finished building target: cpu_test1.elf'
' '
'Invoking: ARM v7 Print Size'
arm-none-eabi-size cpu_test1.elf  |tee "cpu_test1.elf.size"
   text	   data	    bss	    dec	    hex	filename
  60264	   2584	  23328	  86176	  150a0	cpu_test1.elf
'Finished building: cpu_test1.elf.size'
' '

20:35:13 Build Finished (took 1s.762ms)

