10:15:48 **** Incremental Build of configuration Debug for project DMA_test_app ****
make all 
make --no-print-directory pre-build
a9-linaro-pre-build-step
' '
make --no-print-directory main-build
'Building file: ../src/main.c'
'Invoking: ARM v7 gcc compiler'
arm-none-eabi-gcc -Wall -O0 -g3 -c -fmessage-length=0 -MT"src/main.o" -mcpu=cortex-a9 -mfpu=vfpv3 -mfloat-abi=hard -IC:/git_repos/mnist_neuralnet/fpga/milestone2/projects/DMA_test/DMA_test/export/DMA_test/sw/DMA_test/standalone_domain/bspinclude/include -MMD -MP -MF"src/main.d" -MT"src/main.o" -o "src/main.o" "../src/main.c"
../src/main.c: In function 'main':
../src/main.c:43:44: warning: passing argument 2 of 'XAxiDma_SimpleTransfer' makes integer from pointer without a cast [-Wint-conversion]
  status = XAxiDma_SimpleTransfer(&dma_ctl, data_dma_to_device, DMA_TRANSFER_SIZE*4, XAXIDMA_DMA_TO_DEVICE);
                                            ^~~~~~~~~~~~~~~~~~
In file included from ../src/main.c:8:
C:/git_repos/mnist_neuralnet/fpga/milestone2/projects/DMA_test/DMA_test/export/DMA_test/sw/DMA_test/standalone_domain/bspinclude/include/xaxidma.h:749:58: note: expected 'UINTPTR' {aka 'unsigned int'} but argument is of type 'u32 *' {aka 'long unsigned int *'}
 u32 XAxiDma_SimpleTransfer(XAxiDma *InstancePtr, UINTPTR BuffAddr, u32 Length,
                                                  ~~~~~~~~^~~~~~~~
../src/main.c:47:2: warning: implicit declaration of function 'usleep'; did you mean 'fseek'? [-Wimplicit-function-declaration]
  usleep(1);
  ^~~~~~
  fseek
../src/main.c:53:44: warning: passing argument 2 of 'XAxiDma_SimpleTransfer' makes integer from pointer without a cast [-Wint-conversion]
  status = XAxiDma_SimpleTransfer(&dma_ctl, data_device_to_dma, DMA_TRANSFER_SIZE*4, XAXIDMA_DEVICE_TO_DMA);
                                            ^~~~~~~~~~~~~~~~~~
In file included from ../src/main.c:8:
C:/git_repos/mnist_neuralnet/fpga/milestone2/projects/DMA_test/DMA_test/export/DMA_test/sw/DMA_test/standalone_domain/bspinclude/include/xaxidma.h:749:58: note: expected 'UINTPTR' {aka 'unsigned int'} but argument is of type 'u32 *' {aka 'long unsigned int *'}
 u32 XAxiDma_SimpleTransfer(XAxiDma *InstancePtr, UINTPTR BuffAddr, u32 Length,
                                                  ~~~~~~~~^~~~~~~~
'Finished building: ../src/main.c'
' '
'Building target: DMA_test_app.elf'
'Invoking: ARM v7 gcc linker'
arm-none-eabi-gcc -mcpu=cortex-a9 -mfpu=vfpv3 -mfloat-abi=hard -Wl,-build-id=none -specs=Xilinx.spec -Wl,-T -Wl,../src/lscript.ld -LC:/git_repos/mnist_neuralnet/fpga/milestone2/projects/DMA_test/DMA_test/export/DMA_test/sw/DMA_test/standalone_domain/bsplib/lib -o "DMA_test_app.elf"  ./src/main.o   -Wl,--start-group,-lxil,-lgcc,-lc,--end-group
'Finished building target: DMA_test_app.elf'
' '
'Invoking: ARM v7 Print Size'
arm-none-eabi-size DMA_test_app.elf  |tee "DMA_test_app.elf.size"
   text	   data	    bss	    dec	    hex	filename
  41308	   2648	  25192	  69148	  10e1c	DMA_test_app.elf
'Finished building: DMA_test_app.elf.size'
' '

10:15:49 Build Finished (took 1s.152ms)

