12:39:23 **** Incremental Build of configuration Debug for project too_many_directory_names ****
make all 
make --no-print-directory pre-build
a9-linaro-pre-build-step
' '
make --no-print-directory main-build
'Building file: ../src/helloworld.c'
'Invoking: ARM v7 gcc compiler'
arm-none-eabi-gcc -Wall -O0 -g3 -c -fmessage-length=0 -MT"src/helloworld.o" -mcpu=cortex-a9 -mfpu=vfpv3 -mfloat-abi=hard -IC:/Users/miles/Projects/fpga/mnist_neuralnet/prototype/Zynq_C_imp/Zynq_C_PS/export/Zynq_C_PS/sw/Zynq_C_PS/standalone_domain/bspinclude/include -MMD -MP -MF"src/helloworld.d" -MT"src/helloworld.o" -o "src/helloworld.o" "../src/helloworld.c"
../src/helloworld.c: In function 'train':
../src/helloworld.c:316:47: warning: spurious trailing '%' in format [-Wformat=]
     printf("\nTraining Error: \n Accuracy: %lf\%", 100*correct);
                                               ^~
'Finished building: ../src/helloworld.c'
' '
'Building file: ../src/platform.c'
'Invoking: ARM v7 gcc compiler'
arm-none-eabi-gcc -Wall -O0 -g3 -c -fmessage-length=0 -MT"src/platform.o" -mcpu=cortex-a9 -mfpu=vfpv3 -mfloat-abi=hard -IC:/Users/miles/Projects/fpga/mnist_neuralnet/prototype/Zynq_C_imp/Zynq_C_PS/export/Zynq_C_PS/sw/Zynq_C_PS/standalone_domain/bspinclude/include -MMD -MP -MF"src/platform.d" -MT"src/platform.o" -o "src/platform.o" "../src/platform.c"
'Finished building: ../src/platform.c'
' '
'Building target: too_many_directory_names.elf'
'Invoking: ARM v7 gcc linker'
arm-none-eabi-gcc -mcpu=cortex-a9 -mfpu=vfpv3 -mfloat-abi=hard -Wl,-build-id=none -specs=Xilinx.spec -Wl,-T -Wl,../src/lscript.ld -LC:/Users/miles/Projects/fpga/mnist_neuralnet/prototype/Zynq_C_imp/Zynq_C_PS/export/Zynq_C_PS/sw/Zynq_C_PS/standalone_domain/bsplib/lib -o "too_many_directory_names.elf"  ./src/helloworld.o ./src/platform.o   -lm -Wl,--start-group,-lxil,-lgcc,-lc,--end-group
'Finished building target: too_many_directory_names.elf'
' '
'Invoking: ARM v7 Print Size'
arm-none-eabi-size too_many_directory_names.elf  |tee "too_many_directory_names.elf.size"
   text	   data	    bss	    dec	    hex	filename
 106392	   2584	  23328	 132304	  204d0	too_many_directory_names.elf
'Finished building: too_many_directory_names.elf.size'
' '

12:39:24 Build Finished (took 1s.551ms)

