Nothing to build in platform 'DMA_test4'

20:16:27 **** Incremental Build of configuration Debug for project DMA_test4_app ****
make all 
make --no-print-directory pre-build
a9-linaro-pre-build-step
' '
make --no-print-directory main-build
'Building file: ../src/helloworld.c'
'Invoking: ARM v7 gcc compiler'
arm-none-eabi-gcc -Wall -O0 -g3 -c -fmessage-length=0 -MT"src/helloworld.o" -mcpu=cortex-a9 -mfpu=vfpv3 -mfloat-abi=hard -IC:/git_repos/mnist_neuralnet/fpga/milestone2/projects/DMA_test4/DMA_test4/export/DMA_test4/sw/DMA_test4/standalone_domain/bspinclude/include -MMD -MP -MF"src/helloworld.d" -MT"src/helloworld.o" -o "src/helloworld.o" "../src/helloworld.c"
../src/helloworld.c: In function 'main':
../src/helloworld.c:89:46: warning: passing argument 2 of 'XAxiCdma_SimpleTransfer' makes integer from pointer without a cast [-Wint-conversion]
  status = XAxiCdma_SimpleTransfer(&cdma_ctl, data_cdma_to_device, data_device_to_cdma, CDMA_TRANSFER_SIZE*4, NULL, NULL);
                                              ^~~~~~~~~~~~~~~~~~~
In file included from ../src/helloworld.c:54:
C:/git_repos/mnist_neuralnet/fpga/milestone2/projects/DMA_test4/DMA_test4/export/DMA_test4/sw/DMA_test4/standalone_domain/bspinclude/include/xaxicdma.h:539:60: note: expected 'UINTPTR' {aka 'unsigned int'} but argument is of type 'u32 *' {aka 'long unsigned int *'}
 u32 XAxiCdma_SimpleTransfer(XAxiCdma *InstancePtr, UINTPTR SrcAddr, UINTPTR DstAddr,
                                                    ~~~~~~~~^~~~~~~
../src/helloworld.c:89:67: warning: passing argument 3 of 'XAxiCdma_SimpleTransfer' makes integer from pointer without a cast [-Wint-conversion]
  status = XAxiCdma_SimpleTransfer(&cdma_ctl, data_cdma_to_device, data_device_to_cdma, CDMA_TRANSFER_SIZE*4, NULL, NULL);
                                                                   ^~~~~~~~~~~~~~~~~~~
In file included from ../src/helloworld.c:54:
C:/git_repos/mnist_neuralnet/fpga/milestone2/projects/DMA_test4/DMA_test4/export/DMA_test4/sw/DMA_test4/standalone_domain/bspinclude/include/xaxicdma.h:539:77: note: expected 'UINTPTR' {aka 'unsigned int'} but argument is of type 'u32 *' {aka 'long unsigned int *'}
 u32 XAxiCdma_SimpleTransfer(XAxiCdma *InstancePtr, UINTPTR SrcAddr, UINTPTR DstAddr,
                                                                     ~~~~~~~~^~~~~~~
'Finished building: ../src/helloworld.c'
' '
'Building target: DMA_test4_app.elf'
'Invoking: ARM v7 gcc linker'
arm-none-eabi-gcc -mcpu=cortex-a9 -mfpu=vfpv3 -mfloat-abi=hard -Wl,-build-id=none -specs=Xilinx.spec -Wl,-T -Wl,../src/lscript.ld -LC:/git_repos/mnist_neuralnet/fpga/milestone2/projects/DMA_test4/DMA_test4/export/DMA_test4/sw/DMA_test4/standalone_domain/bsplib/lib -o "DMA_test4_app.elf"  ./src/helloworld.o ./src/platform.o   -Wl,--start-group,-lxil,-lgcc,-lc,--end-group
'Finished building target: DMA_test4_app.elf'
' '
'Invoking: ARM v7 Print Size'
arm-none-eabi-size DMA_test4_app.elf  |tee "DMA_test4_app.elf.size"
   text	   data	    bss	    dec	    hex	filename
  38504	   1568	  23624	  63696	   f8d0	DMA_test4_app.elf
'Finished building: DMA_test4_app.elf.size'
' '
20:16:29 **** Incremental Build of configuration Debug for project DMA_test4_app_system ****
make all 
Generating bif file for the system project
generate_system_bif.bat 65339 C:/git_repos/mnist_neuralnet/fpga/milestone2/projects/DMA_test4/DMA_test4/export/DMA_test4/DMA_test4.xpfm standalone_domain C:/git_repos/mnist_neuralnet/fpga/milestone2/projects/DMA_test4/DMA_test4_app_system/Debug/system.bif
sdcard_gen --xpfm C:/git_repos/mnist_neuralnet/fpga/milestone2/projects/DMA_test4/DMA_test4/export/DMA_test4/DMA_test4.xpfm --sys_config DMA_test4 --bif C:/git_repos/mnist_neuralnet/fpga/milestone2/projects/DMA_test4/DMA_test4_app_system/Debug/system.bif --bitstream C:/git_repos/mnist_neuralnet/fpga/milestone2/projects/DMA_test4/DMA_test4_app/_ide/bitstream/design_1_wrapper.bit --elf C:/git_repos/mnist_neuralnet/fpga/milestone2/projects/DMA_test4/DMA_test4_app/Debug/DMA_test4_app.elf,ps7_cortexa9_0
creating BOOT.BIN using C:/git_repos/mnist_neuralnet/fpga/milestone2/projects/DMA_test4/DMA_test4_app/_ide/bitstream/design_1_wrapper.bit
Running C:/Xilinx/Vitis/2019.2/bin/bootgen  -image C:/git_repos/mnist_neuralnet/fpga/milestone2/projects/DMA_test4/DMA_test4_app_system/Debug/sd_card_temp/boot.bif -w -o i BOOT.BIN
